ACD SETTINGS  QUEUED  profile: daily
----------------------------------------------------------------------------------------
FIELDS                                     | DETAILS
> Provider: openai-compat                  | Provider
  Model: new-model *                       | Provider used for synthetic tests and futu
  Base URL: https://example.invalid/v1     | Source: environment
  Timeout: inherit                         | Changed: no
  API key: [set]                           | Apply: next safe boundary
  Diff egress: inherit                     |
  Commit strategy: intent                  | REVISION
  Commit format: inherit                   | DRAFT [yes] > TESTED [yes]
  Sensitive globs: defaults                | QUEUED r8 > ACTIVE r7
  Filesystem notifications: inherit        | Desired: r8
                                           | Applied: r7
                                           | Experiment: 3/10 windows (descriptive)
                                           | QUEUED: applies at next safe boundary
[j/k] nav [enter] edit [/] find [t] test [a] apply [r] revert [x] experiment [q] quit
