ACD SETTINGS  QUEUED  mode: Intent Balanced  profile: daily
----------------------------------------------------------------------------------------
FIELDS                                     | DETAILS
> Provider: openai-compat                  | Provider
  Model: new-model *                       | Provider used for synthetic tests and futu
  Base URL: https://example.invalid/v1     | Source: environment
  Timeout: inherit                         | Changed: no
  CA file: inherit                         | Apply: next safe boundary
  API key: [set]                           | Active: deterministic
  Diff egress: inherit                     | Draft: openai-compat
  Commit strategy: intent                  |
  Commit preset: balanced                  | REVISION
  Commit format: inherit                   | DRAFT [yes] > TESTED [yes]
  Intent window: inherit                   | QUEUED r8 > ACTIVE r7
  Minimum pending: inherit                 | Desired: r8
  Settle window: inherit                   | Applied: r7
  Maximum pending age: inherit             | Experiment setup: 10 windows, expiry none,
  Recent commits: inherit                  | Experiment: 3/10 windows (descriptive)
  Defer limit: inherit                     | QUEUED: applies at next safe boundary
  Invalid retries: inherit                 |
  Path coalescing: inherit                 |
[q] quit [j/k] nav [m] strategy/preset [enter] edit [/] find [s] save [t/T] test [...
