ACD SETTINGS  QUEUED  profile: daily
------------------------------------------------------------
FIELD 1/10
> Provider: openai-compat
Source: environment
Changed: no
Apply: next safe boundary
REVISION
DRAFT [yes] > TESTED [yes]
QUEUED r8 > ACTIVE r7
Experiment: 3/10 windows (descriptive)
QUEUED: applies at next safe boundary
[j/k] nav [e] edit [/] find [t] test [a] apply [q] quit
