ACD SETTINGS  QUEUED  profile: daily
------------------------------------------------------------------------------------------------------------------------
FIELDS                                 | DETAILS                                | REVISION
> Provider: openai-compat              | Provider                               | DRAFT [yes] > TESTED [yes]
  Model: new-model *                   | Provider used for synthetic tests and  | QUEUED r8 > ACTIVE r7
  Base URL: https://example.invalid/v1 | Source: environment                    | Desired: r8
  Timeout: inherit                     | Changed: no                            | Applied: r7
  CA file: inherit                     | Apply: next safe boundary              | Experiment setup: 10 windows, expiry n
  API key: [set]                       | Active: deterministic                  | Experiment: 3/10 windows (descriptive)
  Diff egress: inherit                 | Draft: openai-compat                   | QUEUED: applies at next safe boundary
  Commit strategy: intent              |                                        |
  Commit format: inherit               |                                        |
  Intent window: inherit               |                                        |
  Minimum pending: inherit             |                                        |
  Settle window: inherit               |                                        |
  Maximum pending age: inherit         |                                        |
  Recent commits: inherit              |                                        |
  Defer limit: inherit                 |                                        |
  Invalid retries: inherit             |                                        |
  Path coalescing: inherit             |                                        |
  Maximum file bytes: inherit          |                                        |
  Maximum pending events: inherit      |                                        |
  Sensitive globs: defaults            |                                        |
  Safe ignore: inherit                 |                                        |
  Extra safe ignores: inherit          |                                        |
  Filesystem notifications: inherit    |                                        |
  Trace: inherit                       |                                        |
  Prompt trace: [unset]                |                                        |
  Event retention days: inherit        |                                        |
[q] quit [up/down] navigate [enter] edit [/] search [s] save [t/T] test [a] apply [r] revert [p] profile [x/X] sta...
